Stack Allocation = 8192 bytes

 hyperoid

 Start     Length     Name                   Class
 0001:0000 022D8H     HYPEROID               CODE
 0001:22D8 006E8H     ROIDSUPP               CODE
 0001:29C0 02834H     _TEXT                  CODE
 0001:5200 026F0H     EMULATOR_TEXT          CODE
 0001:78F0 00000H     C_ETEXT                ENDCODE
 0002:0000 00170H     EMULATOR_DATA          FAR_DATA
 0003:0000 00042H     NULL                   BEGDATA
 0003:0042 00A00H     _DATA                  DATA
 0003:0A42 00002H     XIQC                   DATA
 0003:0A44 0000EH     DBDATA                 DATA
 0003:0A52 0000EH     CDATA                  DATA
 0003:0A60 00000H     XIFB                   DATA
 0003:0A60 00000H     XIF                    DATA
 0003:0A60 00000H     XIFE                   DATA
 0003:0A60 00000H     XIB                    DATA
 0003:0A60 0000CH     XI                     DATA
 0003:0A6C 00000H     XIE                    DATA
 0003:0A6C 00000H     XPB                    DATA
 0003:0A6C 00000H     XP                     DATA
 0003:0A6C 00000H     XPE                    DATA
 0003:0A6C 00000H     XCB                    DATA
 0003:0A6C 00000H     XC                     DATA
 0003:0A6C 00000H     XCE                    DATA
 0003:0A6C 00000H     XCFB                   DATA
 0003:0A6C 00000H     XCF                    DATA
 0003:0A6C 00000H     XCFE                   DATA
 0003:0A6C 00018H     CONST                  CONST
 0003:0A84 00008H     HDR                    MSG
 0003:0A8C 001DDH     MSG                    MSG
 0003:0C69 00002H     PAD                    MSG
 0003:0C6B 00001H     EPAD                   MSG
 0003:0C6C 0006EH     _BSS                   BSS
 0003:0CDA 00000H     XOB                    BSS
 0003:0CDA 00000H     XO                     BSS
 0003:0CDA 00000H     XOE                    BSS
 0003:0CE0 02616H     c_common               BSS
 0003:3300 02000H     STACK                  STACK

 Origin   Group
 0003:0   DGROUP

 Address   Export                  Alias

 0001:28D9 HYPEROIDABOUTDLG        HYPEROIDABOUTDLG
 0001:1ECA HYPEROIDWNDPROC         HYPEROIDWNDPROC

  Address         Publics by Name

 0001:3B44       $I10_OUTPUT
 0001:382E       $i8_output
 0001:3AEF       $i8_tpwr10
 0001:296C       ABOUTHYPEROID
 0001:029D       ACCELERATE
 0001:18B6       ACCELPLAYER
 0001:006B       ADDHEAD
 0001:0000       ARAND
 0001:13D9       BREAKROID
 0001:1B94       CHECKSCORE
 0001:0C8A       CREATEHUNTER
 0001:2595       CREATEHYPEROIDCLASS
 0001:23AC       CREATEHYPEROIDPALETTE
 0001:268F       CREATEHYPEROIDWINDOW
 0001:08E8       CREATELETTER
 0001:12D3       CREATEROID
 0001:0F98       CREATESPINNER
 0001:1754       DRAWFLAMES
 0001:0D5E       DRAWHUNTERS
 0001:0AD2       DRAWHUNTERSHOTS
 0001:0A44       DRAWLETTERS
 0001:02F2       DRAWOBJECT
 0001:1AB6       DRAWOBJECTS
 0001:198E       DRAWPLAYER
 0001:15AC       DRAWROIDS
 0001:16C5       DRAWSHOTS
 0001:107D       DRAWSPINNERS
 0001:1E41       ERASEHYPEROIDBKGND
 0001:21CC       EXITHYPEROID
 0001:0630       EXPLODE
 0001:3552       fFYTOX
 0000:FE32  Abs  FIARQQ
 0000:0E32  Abs  FICRQQ
 0000:5C32  Abs  FIDRQQ
 0000:1632  Abs  FIERQQ
 0001:0BAC       FIREHUNTERSHOT
 0001:17E3       FIRESHOT
 0000:0632  Abs  FISRQQ
 0000:A23D  Abs  FIWRQQ
 0000:4000  Abs  FJARQQ
 0000:C000  Abs  FJCRQQ
 0000:8000  Abs  FJSRQQ
 0001:0547       HIT
 0001:0787       HITPLAYER
 0001:28D9       HYPEROIDABOUTDLG
 0001:28AA       HYPEROIDHELP
 0001:1ECA       HYPEROIDWNDPROC
 0001:214C       INITHYPEROID
 0001:0195       INITOBJECTS
 0001:1DF2       PAINTHYPEROID
 0001:1D51       PANIC
 0003:0CE4       PLOCALHEAP
 0001:22D8       PRINTLETTERS
 0001:00D0       REMHEAD
 0001:0136       REMOVE
 0001:1C13       RESTARTHYPEROID
 0001:2790       SAVEHYPEROIDWINDOWPOS
 0001:2616       SETHYPEROIDMENU
 0001:0513       SETRESTART
 0001:2222       WINMAIN
 0001:317C       _atof
 0001:3178       _atoi
 0003:32C6       _bPaused
 0003:32BE       _bRestart
 0001:4AE4       _cos
 0003:0C6C       _edata
 0003:3300       _end
 0003:06AF       _environ
 0003:0688       _errno
 0001:2B8D       _exit
 0003:3086       _FlameList
 0003:32C2       _FreeList
 0003:30AE       _hAppInst
 0003:32D2       _hAppPalette
 0003:32C0       _hAppWnd
 0003:308E       _hPen
 0003:0A38       _HUGE
 0003:30B0       _HunterList
 0003:0CE8       _HunterShotList
 0003:0CE0       _LetterList
 0003:0250       _LetterPart
 0003:30B8       _lScore
 0001:2F34       _malloc
 0001:4E30       _matherr
 0001:32F4       _memmove
 0001:333C       _memset
 0003:32BC       _nBadGuys
 0003:0CEE       _nCos
 0003:32C8       _nGravity
 0003:308C       _nLevel
 0003:0CEC       _npPlayer
 0003:0CE6       _nSafe
 0003:32F4       _nShield
 0003:30BC       _nSin
 0003:0EEE       _Obj
 0003:32CE       _RoidList
 0003:32CA       _ShotList
 0001:4ADE       _sin
 0003:30B4       _SpinnerList
 0001:3130       _strcmp
 0001:30FE       _strcpy
 0001:315C       _strlen
 0003:32D4       _szAppName
 0003:0298       _szLetterDesc
 0003:0284       _szNumberDesc
 0001:4AE9       _tan
 0003:308A       _wTick
 0003:09A4       __80x87
 0003:066C       __acfinfo
 0000:9876  Abs  __acrtmsg
 0000:9876  Abs  __acrtused
 0000:D6D6  Abs  __aDBdoswp
 0003:06BE       __adbgmsg
 0003:0650       __aexit_rtn
 0001:4AF4       __aFCIcos
 0001:4AEE       __aFCIsin
 0001:4AF9       __aFCItan
 0001:4D08       __aFftol
 0001:3386       __aFldiv
 0001:3420       __aFlmul
 0001:3420       __aFulmul
 0003:067A       __aintdiv
 0003:06C6       __amblksiz
 0001:2AA3       __amsg_exit
 0003:0042       __anullsize
 0003:0668       __aseghi
 0003:066A       __aseglo
 0003:0652       __asizds
 0003:06E4       __asizeC
 0003:06E5       __asizeD
 0001:29D0       __astart
 0001:51D0       __atold
 0003:064E       __atopsp
 0001:31C2       __catox
 0001:2B9C       __cexit
 0001:4A64       __cfltcvt
 0003:06C8       __cfltcvt_tab
 0001:474E       __cftoe
 0001:489C       __cftof
 0001:49B2       __cftog
 0003:06B6       __child
 0001:2AC8       __cinit
 0001:2A93       __cintDIV
 0001:4BA2       __cintrindisp1
 0001:4B79       __cintrindisp2
 0001:517A       __cldcvt
 0001:4E40       __cldtoe
 0001:4FCE       __cldtof
 0001:510C       __cldtog
 0003:08E2       __cosjmptab
 0003:0912       __cotanjmptab
 0003:07FC       __cpower
 0001:4656       __cropzeros
 0001:2C10       __ctermsub
 0001:4BD7       __ctrandisp1
 0001:4BC4       __ctrandisp2
 0003:06E6       __ctype
 0003:06E6       __ctype_
 0001:2BA6       __c_exit
 0001:2AC5       __dataseg
 0001:32BB       __DOSCREATECSALIAS
 0001:3286       __DOSDEVCONFIG
 0003:0693       __doserrno
 0001:32D1       __DOSFREESEG
 0001:329D       __DOSGETMACHINEMODE
 0001:32B2       __DOSSETVEC
 0003:0690       __dosvermajor
 0003:0691       __dosverminor
 0001:32DA       __DOSWRITE
 0001:5200       __EmDataSeg
 0001:2B94       __exit
 0003:08A0       __expjmptab
 0003:067E       __fac
 0001:46F2       __fassign
 0001:36D7       __fFCOS
 0001:355E       __fFEXP
 0001:3686       __ffexpm1
 0001:360B       __fFLN
 0001:36F0       __fFSIN
 0001:2C50       __FF_MSGBANNER
 0001:30DD       __findlast
 0001:4D3C       __fltin
 0001:4D92       __fltout
 0000:9876  Abs  __fltused
 0001:45EE       __forcdecpt
 0001:5A7F       __fpemulator
 0001:5210       __fpemulatorbegin
 0001:786F       __fpemulatorend
 0001:54DE       __FPEXCEPTION87
 0003:0A54       __fpinit
 0001:787A       __FPINSTALL87
 0001:523A       __fpmath
 0001:4DD8       __fpsignal
 0002:0169       __fptaskdata
 0001:78A9       __FPTERMINATE87
 0001:3216       __fptostr
 0001:2C72       __fptrap
 0001:4D08       __ftol
 0001:3000       __growseg
 0001:308C       __incseg
 0003:07E8       __indefinite
 0003:080E       __infinity
 0001:4AFE       __Init80x87
 0003:06B9       __intno
 0001:40DF       __LD12MULT
 0001:400A       __LD12MULTTENPOWER
 0003:0888       __lnjmptab
 0003:0818       __logemax
 0003:0870       __logjmptab
 0001:4264       __MANTOLD12
 0003:0A40       __matherr_flag
 0001:2F0E       __myalloc
 0003:0695       __nfile
 0001:2F3A       __nfree
 0003:0654       __nheap_desc
 0001:2F5B       __nmalloc
 0001:2EAC       __NMSG_TEXT
 0001:2ED7       __NMSG_WRITE
 0001:2C78       __nullcheck
 0003:0693       __oserr
 0003:0697       __osfile
 0003:0690       __osmajor
 0003:0691       __osminor
 0003:0692       __osmode
 0003:0690       __osversion
 0003:06B8       __ovlflag
 0003:06BA       __ovlvec
 0003:06B1       __pgmptr
 0003:07F2       __piby2
 0001:46C4       __positive
 0003:068E       __psp
 0003:068C       __pspadr
 0001:351A       __rtbignan
 0001:3549       __rtchsifneg
 0001:3540       __rtifprojnpop
 0001:3521       __rtifprojpop
 0001:352B       __rtindfnpop
 0001:3528       __rtindfpop
 0001:366B       __rtinfnpop
 0001:35FE       __rtinfnpopse
 0001:3668       __rtinfpop
 0001:35FB       __rtinfpopse
 0001:34FD       __rtnospop
 0001:3501       __rtnospopde
 0001:3513       __rtonenpop
 0001:3510       __rtonepop
 0001:3500       __rttosnpop
 0001:3539       __rttosnpopde
 0001:34FA       __rttospop
 0001:34F7       __rttospopde
 0001:3509       __rtzeronpop
 0001:3506       __rtzeropop
 0001:2F84       __searchseg
 0001:2C9C       __setargv
 0001:2E2E       __setenvp
 0003:06E2       __sigintoff
 0003:06E0       __sigintseg
 0003:08CA       __sinjmptab
 0001:431E       __STRINGTOD
 0001:4386       __STRINGTOLD
 0003:08FA       __tanjmptab
 0001:3452       __trandisp1
 0001:3494       __trandisp2
 0003:068A       __umaskval
 0001:336A       __wrt2err
 0003:0840       __ytoxjmptab
 0003:0A4A       ___aDBexit
 0003:0A50       ___aDBptrchk
 0003:0A48       ___aDBrterr
 0003:0A46       ___aDBswpchk
 0003:0A44       ___aDBswpflg
 0003:06AB       ___argc
 0003:06AD       ___argv
 0003:0A42       ___qczrinit

  Address         Publics by Value

 0000:0632  Abs  FISRQQ
 0000:0E32  Abs  FICRQQ
 0000:1632  Abs  FIERQQ
 0000:4000  Abs  FJARQQ
 0000:5C32  Abs  FIDRQQ
 0000:8000  Abs  FJSRQQ
 0000:9876  Abs  __acrtmsg
 0000:9876  Abs  __acrtused
 0000:9876  Abs  __fltused
 0000:A23D  Abs  FIWRQQ
 0000:C000  Abs  FJCRQQ
 0000:D6D6  Abs  __aDBdoswp
 0000:FE32  Abs  FIARQQ
 0001:0000       ARAND
 0001:006B       ADDHEAD
 0001:00D0       REMHEAD
 0001:0136       REMOVE
 0001:0195       INITOBJECTS
 0001:029D       ACCELERATE
 0001:02F2       DRAWOBJECT
 0001:0513       SETRESTART
 0001:0547       HIT
 0001:0630       EXPLODE
 0001:0787       HITPLAYER
 0001:08E8       CREATELETTER
 0001:0A44       DRAWLETTERS
 0001:0AD2       DRAWHUNTERSHOTS
 0001:0BAC       FIREHUNTERSHOT
 0001:0C8A       CREATEHUNTER
 0001:0D5E       DRAWHUNTERS
 0001:0F98       CREATESPINNER
 0001:107D       DRAWSPINNERS
 0001:12D3       CREATEROID
 0001:13D9       BREAKROID
 0001:15AC       DRAWROIDS
 0001:16C5       DRAWSHOTS
 0001:1754       DRAWFLAMES
 0001:17E3       FIRESHOT
 0001:18B6       ACCELPLAYER
 0001:198E       DRAWPLAYER
 0001:1AB6       DRAWOBJECTS
 0001:1B94       CHECKSCORE
 0001:1C13       RESTARTHYPEROID
 0001:1D51       PANIC
 0001:1DF2       PAINTHYPEROID
 0001:1E41       ERASEHYPEROIDBKGND
 0001:1ECA       HYPEROIDWNDPROC
 0001:214C       INITHYPEROID
 0001:21CC       EXITHYPEROID
 0001:2222       WINMAIN
 0001:22D8       PRINTLETTERS
 0001:23AC       CREATEHYPEROIDPALETTE
 0001:2595       CREATEHYPEROIDCLASS
 0001:2616       SETHYPEROIDMENU
 0001:268F       CREATEHYPEROIDWINDOW
 0001:2790       SAVEHYPEROIDWINDOWPOS
 0001:28AA       HYPEROIDHELP
 0001:28D9       HYPEROIDABOUTDLG
 0001:296C       ABOUTHYPEROID
 0001:29D0       __astart
 0001:2A93       __cintDIV
 0001:2AA3       __amsg_exit
 0001:2AC5       __dataseg
 0001:2AC8       __cinit
 0001:2B8D       _exit
 0001:2B94       __exit
 0001:2B9C       __cexit
 0001:2BA6       __c_exit
 0001:2C10       __ctermsub
 0001:2C50       __FF_MSGBANNER
 0001:2C72       __fptrap
 0001:2C78       __nullcheck
 0001:2C9C       __setargv
 0001:2E2E       __setenvp
 0001:2EAC       __NMSG_TEXT
 0001:2ED7       __NMSG_WRITE
 0001:2F0E       __myalloc
 0001:2F34       _malloc
 0001:2F3A       __nfree
 0001:2F5B       __nmalloc
 0001:2F84       __searchseg
 0001:3000       __growseg
 0001:308C       __incseg
 0001:30DD       __findlast
 0001:30FE       _strcpy
 0001:3130       _strcmp
 0001:315C       _strlen
 0001:3178       _atoi
 0001:317C       _atof
 0001:31C2       __catox
 0001:3216       __fptostr
 0001:3286       __DOSDEVCONFIG
 0001:329D       __DOSGETMACHINEMODE
 0001:32B2       __DOSSETVEC
 0001:32BB       __DOSCREATECSALIAS
 0001:32D1       __DOSFREESEG
 0001:32DA       __DOSWRITE
 0001:32F4       _memmove
 0001:333C       _memset
 0001:336A       __wrt2err
 0001:3386       __aFldiv
 0001:3420       __aFulmul
 0001:3420       __aFlmul
 0001:3452       __trandisp1
 0001:3494       __trandisp2
 0001:34F7       __rttospopde
 0001:34FA       __rttospop
 0001:34FD       __rtnospop
 0001:3500       __rttosnpop
 0001:3501       __rtnospopde
 0001:3506       __rtzeropop
 0001:3509       __rtzeronpop
 0001:3510       __rtonepop
 0001:3513       __rtonenpop
 0001:351A       __rtbignan
 0001:3521       __rtifprojpop
 0001:3528       __rtindfpop
 0001:352B       __rtindfnpop
 0001:3539       __rttosnpopde
 0001:3540       __rtifprojnpop
 0001:3549       __rtchsifneg
 0001:3552       fFYTOX
 0001:355E       __fFEXP
 0001:35FB       __rtinfpopse
 0001:35FE       __rtinfnpopse
 0001:360B       __fFLN
 0001:3668       __rtinfpop
 0001:366B       __rtinfnpop
 0001:3686       __ffexpm1
 0001:36D7       __fFCOS
 0001:36F0       __fFSIN
 0001:382E       $i8_output
 0001:3AEF       $i8_tpwr10
 0001:3B44       $I10_OUTPUT
 0001:400A       __LD12MULTTENPOWER
 0001:40DF       __LD12MULT
 0001:4264       __MANTOLD12
 0001:431E       __STRINGTOD
 0001:4386       __STRINGTOLD
 0001:45EE       __forcdecpt
 0001:4656       __cropzeros
 0001:46C4       __positive
 0001:46F2       __fassign
 0001:474E       __cftoe
 0001:489C       __cftof
 0001:49B2       __cftog
 0001:4A64       __cfltcvt
 0001:4ADE       _sin
 0001:4AE4       _cos
 0001:4AE9       _tan
 0001:4AEE       __aFCIsin
 0001:4AF4       __aFCIcos
 0001:4AF9       __aFCItan
 0001:4AFE       __Init80x87
 0001:4B79       __cintrindisp2
 0001:4BA2       __cintrindisp1
 0001:4BC4       __ctrandisp2
 0001:4BD7       __ctrandisp1
 0001:4D08       __aFftol
 0001:4D08       __ftol
 0001:4D3C       __fltin
 0001:4D92       __fltout
 0001:4DD8       __fpsignal
 0001:4E30       _matherr
 0001:4E40       __cldtoe
 0001:4FCE       __cldtof
 0001:510C       __cldtog
 0001:517A       __cldcvt
 0001:51D0       __atold
 0001:5200       __EmDataSeg
 0001:5210       __fpemulatorbegin
 0001:523A       __fpmath
 0001:54DE       __FPEXCEPTION87
 0001:5A7F       __fpemulator
 0001:786F       __fpemulatorend
 0001:787A       __FPINSTALL87
 0001:78A9       __FPTERMINATE87
 0002:0169       __fptaskdata
 0003:0042       __anullsize
 0003:0250       _LetterPart
 0003:0284       _szNumberDesc
 0003:0298       _szLetterDesc
 0003:064E       __atopsp
 0003:0650       __aexit_rtn
 0003:0652       __asizds
 0003:0654       __nheap_desc
 0003:0668       __aseghi
 0003:066A       __aseglo
 0003:066C       __acfinfo
 0003:067A       __aintdiv
 0003:067E       __fac
 0003:0688       _errno
 0003:068A       __umaskval
 0003:068C       __pspadr
 0003:068E       __psp
 0003:0690       __osversion
 0003:0690       __dosvermajor
 0003:0690       __osmajor
 0003:0691       __osminor
 0003:0691       __dosverminor
 0003:0692       __osmode
 0003:0693       __oserr
 0003:0693       __doserrno
 0003:0695       __nfile
 0003:0697       __osfile
 0003:06AB       ___argc
 0003:06AD       ___argv
 0003:06AF       _environ
 0003:06B1       __pgmptr
 0003:06B6       __child
 0003:06B8       __ovlflag
 0003:06B9       __intno
 0003:06BA       __ovlvec
 0003:06BE       __adbgmsg
 0003:06C6       __amblksiz
 0003:06C8       __cfltcvt_tab
 0003:06E0       __sigintseg
 0003:06E2       __sigintoff
 0003:06E4       __asizeC
 0003:06E5       __asizeD
 0003:06E6       __ctype_
 0003:06E6       __ctype
 0003:07E8       __indefinite
 0003:07F2       __piby2
 0003:07FC       __cpower
 0003:080E       __infinity
 0003:0818       __logemax
 0003:0840       __ytoxjmptab
 0003:0870       __logjmptab
 0003:0888       __lnjmptab
 0003:08A0       __expjmptab
 0003:08CA       __sinjmptab
 0003:08E2       __cosjmptab
 0003:08FA       __tanjmptab
 0003:0912       __cotanjmptab
 0003:09A4       __80x87
 0003:0A38       _HUGE
 0003:0A40       __matherr_flag
 0003:0A42       ___qczrinit
 0003:0A44       ___aDBswpflg
 0003:0A46       ___aDBswpchk
 0003:0A48       ___aDBrterr
 0003:0A4A       ___aDBexit
 0003:0A50       ___aDBptrchk
 0003:0A54       __fpinit
 0003:0C6C       _edata
 0003:0CE0       _LetterList
 0003:0CE4       PLOCALHEAP
 0003:0CE6       _nSafe
 0003:0CE8       _HunterShotList
 0003:0CEC       _npPlayer
 0003:0CEE       _nCos
 0003:0EEE       _Obj
 0003:3086       _FlameList
 0003:308A       _wTick
 0003:308C       _nLevel
 0003:308E       _hPen
 0003:30AE       _hAppInst
 0003:30B0       _HunterList
 0003:30B4       _SpinnerList
 0003:30B8       _lScore
 0003:30BC       _nSin
 0003:32BC       _nBadGuys
 0003:32BE       _bRestart
 0003:32C0       _hAppWnd
 0003:32C2       _FreeList
 0003:32C6       _bPaused
 0003:32C8       _nGravity
 0003:32CA       _ShotList
 0003:32CE       _RoidList
 0003:32D2       _hAppPalette
 0003:32D4       _szAppName
 0003:32F4       _nShield
 0003:3300       _end

Program entry point at 0001:29D0

 : error L2029: 'ENDDIALOG' : unresolved external
 : error L2029: 'ISZOOMED' : unresolved external
 : error L2029: '_main' : unresolved external
 : error L2029: 'GETPRIVATEPROFILEINT' : unresolved external
 : error L2029: 'SELECTPALETTE' : unresolved external
 : error L2029: 'CREATEWINDOW' : unresolved external
 : error L2029: 'SETBRUSHORG' : unresolved external
 : error L2029: 'MULDIV' : unresolved external
 : error L2029: 'MULDIV' : unresolved external
 : error L2029: '_wsprintf' : unresolved external
 : error L2029: '_wsprintf' : unresolved external
 : error L2029: 'GETPRIVATEPROFILESTRING' : unresolved external
 : error L2029: 'GETASYNCKEYSTATE' : unresolved external
 : error L2029: 'RELEASEDC' : unresolved external
 : error L2029: 'DELETEDC' : unresolved external
 : error L2029: 'POSTQUITMESSAGE' : unresolved external
 : error L2029: 'MESSAGEBOX' : unresolved external
 : error L2029: 'UPDATEWINDOW' : unresolved external
 : error L2029: 'LOADSTRING' : unresolved external
 : error L2029: 'GETDC' : unresolved external
 : error L2029: 'MAKEPROCINSTANCE' : unresolved external
 : error L2029: 'GETCURRENTTIME' : unresolved external
 : error L2029: 'FREEPROCINSTANCE' : unresolved external
 : error L2029: 'CREATEIC' : unresolved external
 : error L2029: 'SETMAPMODE' : unresolved external
 : error L2029: 'FILLRECT' : unresolved external
 : error L2029: 'LOADICON' : unresolved external
 : error L2029: 'REGISTERCLASS' : unresolved external
 : error L2029: 'LOADCURSOR' : unresolved external
 : error L2029: 'GETSYSTEMMENU' : unresolved external
 : error L2029: 'WRITEPRIVATEPROFILESTRING' : unresolved external
 : error L2029: 'DRAWICON' : unresolved external
 : error L2029: 'CREATEPEN' : unresolved external
 : error L2029: 'CREATESOLIDBRUSH' : unresolved external
 : error L2029: 'SETVIEWPORTORG' : unresolved external
 : error L2029: 'ENDPAINT' : unresolved external
 : error L2029: 'TRANSLATEMESSAGE' : unresolved external
 : error L2029: 'GETMESSAGE' : unresolved external
 : error L2029: 'SETWINDOWEXT' : unresolved external
 : error L2029: 'PTINRECT' : unresolved external
 : error L2029: 'GETDEVICECAPS' : unresolved external
 : error L2029: 'DELETEOBJECT' : unresolved external
 : error L2029: 'KILLTIMER' : unresolved external
 : error L2029: 'DISPATCHMESSAGE' : unresolved external
 : error L2029: 'SETVIEWPORTEXT' : unresolved external
 : error L2029: 'DEFWINDOWPROC' : unresolved external
 : error L2029: 'SHOWWINDOW' : unresolved external
 : error L2029: 'SHOWWINDOW' : unresolved external
 : error L2029: 'GETCLIENTRECT' : unresolved external
 : error L2029: 'INVALIDATERECT' : unresolved external
 : error L2029: 'SELECTOBJECT' : unresolved external
 : error L2029: 'GETINSTANCEDATA' : unresolved external
 : error L2029: 'SETTIMER' : unresolved external
 : error L2029: 'BEGINPAINT' : unresolved external
 : error L2029: 'CHANGEMENU' : unresolved external
 : error L2029: 'GETWINDOWRECT' : unresolved external
 : error L2029: 'CREATEPALETTE' : unresolved external
 : error L2029: 'POLYLINE' : unresolved external
 : error L2029: 'DIALOGBOX' : unresolved external
 : error L2029: 'REALIZEPALETTE' : unresolved external
 : error L2029: 'SETPIXEL' : unresolved external
 : error L2029: 'GETSYSCOLOR' : unresolved external
 : error L2029: 'SETWINDOWTEXT' : unresolved external

